// Jest Snapshot v1, https://goo.gl/fbAQLP

exports[`H#  H3 component Renders a basic H3 component 1`] = `
<Text
  style={
    Array [
      Object {},
      undefined,
      undefined,
      undefined,
      undefined,
      undefined,
      undefined,
      undefined,
      undefined,
      undefined,
      Object {
        "fontSize": 19,
        "fontWeight": "bold",
        "marginVertical": 5,
      },
    ]
  }
>
  Header
</Text>
`;
